// Jest Snapshot v1, https://goo.gl/fbAQLP

exports[`App Starting Up should render correctly 1`] = `
<div>
  <h1>
    Found Out the Stats
  </h1>
  <div>
    <form
      onSubmit={[Function]}
    >
      <label>
        <select
          id="dName"
          name="dollName"
          onChange={[Function]}
          value="M9"
        >
          <option
            value="06TypeSMG"
          >
            06TypeSMG
          </option>
          <option
            value="357"
          >
            357
          </option>
          <option
            value="4type"
          >
            4type
          </option>
          <option
            value="56-1type"
          >
            56-1type
          </option>
          <option
            value="56typeR"
          >
            56typeR
          </option>
          <option
            value="59type"
          >
            59type
          </option>
          <option
            value="63type"
          >
            63type
          </option>
          <option
            value="64type"
          >
            64type
          </option>
          <option
            value="64typeMod"
          >
            64typeMod
          </option>
          <option
            value="6P62"
          >
            6P62
          </option>
          <option
            value="79type"
          >
            79type
          </option>
          <option
            value="80type"
          >
            80type
          </option>
          <option
            value="81typeR"
          >
            81typeR
          </option>
          <option
            value="88type"
          >
            88type
          </option>
          <option
            value="88typeMod"
          >
            88typeMod
          </option>
          <option
            value="92type"
          >
            92type
          </option>
          <option
            value="95type"
          >
            95type
          </option>
          <option
            value="97type"
          >
            97type
          </option>
          <option
            value="97typeS"
          >
            97typeS
          </option>
          <option
            value="97typeSMod"
          >
            97typeSMod
          </option>
          <option
            value="98K"
          >
            98K
          </option>
          <option
            value="9A91"
          >
            9A91
          </option>
          <option
            value="A91"
          >
            A91
          </option>
          <option
            value="AA12"
          >
            AA12
          </option>
          <option
            value="AAT52"
          >
            AAT52
          </option>
          <option
            value="ACR"
          >
            ACR
          </option>
          <option
            value="ADS"
          >
            ADS
          </option>
          <option
            value="AEK999"
          >
            AEK999
          </option>
          <option
            value="AK12"
          >
            AK12
          </option>
          <option
            value="AK15"
          >
            AK15
          </option>
          <option
            value="AK47"
          >
            AK47
          </option>
          <option
            value="AK74U"
          >
            AK74U
          </option>
          <option
            value="AKAlfa"
          >
            AKAlfa
          </option>
          <option
            value="AN94"
          >
            AN94
          </option>
          <option
            value="APS"
          >
            APS
          </option>
          <option
            value="APSMod"
          >
            APSMod
          </option>
          <option
            value="AR"
          >
            AR
          </option>
          <option
            value="AR15"
          >
            AR15
          </option>
          <option
            value="AR15Mod"
          >
            AR15Mod
          </option>
          <option
            value="AR70"
          >
            AR70
          </option>
          <option
            value="ART556"
          >
            ART556
          </option>
          <option
            value="ARX160"
          >
            ARX160
          </option>
          <option
            value="ASVAL"
          >
            ASVAL
          </option>
          <option
            value="ASVALMod"
          >
            ASVALMod
          </option>
          <option
            value="AUG"
          >
            AUG
          </option>
          <option
            value="AUGPARA"
          >
            AUGPARA
          </option>
          <option
            value="Ak5"
          >
            Ak5
          </option>
          <option
            value="Alma"
          >
            Alma
          </option>
          <option
            value="Ameli"
          >
            Ameli
          </option>
          <option
            value="Angelica"
          >
            Angelica
          </option>
          <option
            value="Ash127"
          >
            Ash127
          </option>
          <option
            value="BB_Noel"
          >
            BB_Noel
          </option>
          <option
            value="BM59"
          >
            BM59
          </option>
          <option
            value="Ballista"
          >
            Ballista
          </option>
          <option
            value="BrenMK"
          >
            BrenMK
          </option>
          <option
            value="BrenMKMod"
          >
            BrenMKMod
          </option>
          <option
            value="BrenTen"
          >
            BrenTen
          </option>
          <option
            value="Bronya"
          >
            Bronya
          </option>
          <option
            value="BrowningHP"
          >
            BrowningHP
          </option>
          <option
            value="C14"
          >
            C14
          </option>
          <option
            value="C93"
          >
            C93
          </option>
          <option
            value="C96"
          >
            C96
          </option>
          <option
            value="C96Mod"
          >
            C96Mod
          </option>
          <option
            value="CAR"
          >
            CAR
          </option>
          <option
            value="CBJMS"
          >
            CBJMS
          </option>
          <option
            value="CETME556"
          >
            CETME556
          </option>
          <option
            value="CLEAR"
          >
            CLEAR
          </option>
          <option
            value="CR21"
          >
            CR21
          </option>
          <option
            value="CZ2000"
          >
            CZ2000
          </option>
          <option
            value="CZ52"
          >
            CZ52
          </option>
          <option
            value="CZ75"
          >
            CZ75
          </option>
          <option
            value="CZ805"
          >
            CZ805
          </option>
          <option
            value="Carcano1891"
          >
            Carcano1891
          </option>
          <option
            value="Carcano1938"
          >
            Carcano1938
          </option>
          <option
            value="ChauchatM1915"
          >
            ChauchatM1915
          </option>
          <option
            value="Claes"
          >
            Claes
          </option>
          <option
            value="ColtDefender"
          >
            ColtDefender
          </option>
          <option
            value="ColtSCW"
          >
            ColtSCW
          </option>
          <option
            value="Contender"
          >
            Contender
          </option>
          <option
            value="Cx4Storm"
          >
            Cx4Storm
          </option>
          <option
            value="DP12"
          >
            DP12
          </option>
          <option
            value="DP28"
          >
            DP28
          </option>
          <option
            value="DSR50"
          >
            DSR50
          </option>
          <option
            value="DTASRS"
          >
            DTASRS
          </option>
          <option
            value="Dana"
          >
            Dana
          </option>
          <option
            value="Danuvia43M"
          >
            Danuvia43M
          </option>
          <option
            value="DesertEagle"
          >
            DesertEagle
          </option>
          <option
            value="Dorothy"
          >
            Dorothy
          </option>
          <option
            value="EM2"
          >
            EM2
          </option>
          <option
            value="EVO3"
          >
            EVO3
          </option>
          <option
            value="F1"
          >
            F1
          </option>
          <option
            value="F2000"
          >
            F2000
          </option>
          <option
            value="FAIL"
          >
            FAIL
          </option>
          <option
            value="FAMAS"
          >
            FAMAS
          </option>
          <option
            value="FG42"
          >
            FG42
          </option>
          <option
            value="FMG9"
          >
            FMG9
          </option>
          <option
            value="FN49"
          >
            FN49
          </option>
          <option
            value="FN49Mod"
          >
            FN49Mod
          </option>
          <option
            value="FN57"
          >
            FN57
          </option>
          <option
            value="FNFAL"
          >
            FNFAL
          </option>
          <option
            value="FNFNC"
          >
            FNFNC
          </option>
          <option
            value="FNP9"
          >
            FNP9
          </option>
          <option
            value="FNSPR"
          >
            FNSPR
          </option>
          <option
            value="FP6"
          >
            FP6
          </option>
          <option
            value="Falcon"
          >
            Falcon
          </option>
          <option
            value="G11"
          >
            G11
          </option>
          <option
            value="G11Mod"
          >
            G11Mod
          </option>
          <option
            value="G28"
          >
            G28
          </option>
          <option
            value="G3"
          >
            G3
          </option>
          <option
            value="G36"
          >
            G36
          </option>
          <option
            value="G36C"
          >
            G36C
          </option>
          <option
            value="G36Mod"
          >
            G36Mod
          </option>
          <option
            value="G3Mod"
          >
            G3Mod
          </option>
          <option
            value="G41"
          >
            G41
          </option>
          <option
            value="G43"
          >
            G43
          </option>
          <option
            value="GG_elfeldt"
          >
            GG_elfeldt
          </option>
          <option
            value="GSH18"
          >
            GSH18
          </option>
          <option
            value="GSH18Mod"
          >
            GSH18Mod
          </option>
          <option
            value="GeneralLiu"
          >
            GeneralLiu
          </option>
          <option
            value="GepardM1"
          >
            GepardM1
          </option>
          <option
            value="Glock17"
          >
            Glock17
          </option>
          <option
            value="Gm6Lynx"
          >
            Gm6Lynx
          </option>
          <option
            value="Grizzly"
          >
            Grizzly
          </option>
          <option
            value="HEZISM1"
          >
            HEZISM1
          </option>
          <option
            value="HK21"
          >
            HK21
          </option>
          <option
            value="HK23"
          >
            HK23
          </option>
          <option
            value="HK33"
          >
            HK33
          </option>
          <option
            value="HK416"
          >
            HK416
          </option>
          <option
            value="HK416Agent"
          >
            HK416Agent
          </option>
          <option
            value="HK416Mod"
          >
            HK416Mod
          </option>
          <option
            value="HK45"
          >
            HK45
          </option>
          <option
            value="HK512"
          >
            HK512
          </option>
          <option
            value="HKCAWS"
          >
            HKCAWS
          </option>
          <option
            value="HS2000"
          >
            HS2000
          </option>
          <option
            value="HSM10"
          >
            HSM10
          </option>
          <option
            value="Henrietta"
          >
            Henrietta
          </option>
          <option
            value="Himeko"
          >
            Himeko
          </option>
          <option
            value="HowaType89"
          >
            HowaType89
          </option>
          <option
            value="IDW"
          >
            IDW
          </option>
          <option
            value="IDWMod"
          >
            IDWMod
          </option>
          <option
            value="INSAS"
          >
            INSAS
          </option>
          <option
            value="IWS2000"
          >
            IWS2000
          </option>
          <option
            value="Ithaca37"
          >
            Ithaca37
          </option>
          <option
            value="JS-127"
          >
            JS-127
          </option>
          <option
            value="JS9mm"
          >
            JS9mm
          </option>
          <option
            value="Jericho"
          >
            Jericho
          </option>
          <option
            value="Jill"
          >
            Jill
          </option>
          <option
            value="K11"
          >
            K11
          </option>
          <option
            value="K2"
          >
            K2
          </option>
          <option
            value="K3"
          >
            K3
          </option>
          <option
            value="K31"
          >
            K31
          </option>
          <option
            value="K5"
          >
            K5
          </option>
          <option
            value="KAC"
          >
            KAC
          </option>
          <option
            value="KLIN"
          >
            KLIN
          </option>
          <option
            value="KP31"
          >
            KP31
          </option>
          <option
            value="KS23"
          >
            KS23
          </option>
          <option
            value="KSG"
          >
            KSG
          </option>
          <option
            value="KSVK"
          >
            KSVK
          </option>
          <option
            value="KSVKMod"
          >
            KSVKMod
          </option>
          <option
            value="Kiana"
          >
            Kiana
          </option>
          <option
            value="Kord"
          >
            Kord
          </option>
          <option
            value="L85A1"
          >
            L85A1
          </option>
          <option
            value="LTLX7000"
          >
            LTLX7000
          </option>
          <option
            value="LWMMG"
          >
            LWMMG
          </option>
          <option
            value="LWMMGMod"
          >
            LWMMGMod
          </option>
          <option
            value="Lewis"
          >
            Lewis
          </option>
          <option
            value="Liberator"
          >
            Liberator
          </option>
          <option
            value="Lusa"
          >
            Lusa
          </option>
          <option
            value="M1"
          >
            M1
          </option>
          <option
            value="M1014"
          >
            M1014
          </option>
          <option
            value="M12"
          >
            M12
          </option>
          <option
            value="M14"
          >
            M14
          </option>
          <option
            value="M14Mod"
          >
            M14Mod
          </option>
          <option
            value="M16A1"
          >
            M16A1
          </option>
          <option
            value="M1873"
          >
            M1873
          </option>
          <option
            value="M1873Mod"
          >
            M1873Mod
          </option>
          <option
            value="M1887"
          >
            M1887
          </option>
          <option
            value="M1891"
          >
            M1891
          </option>
          <option
            value="M1891Mod"
          >
            M1891Mod
          </option>
          <option
            value="M1895"
          >
            M1895
          </option>
          <option
            value="M1895MG"
          >
            M1895MG
          </option>
          <option
            value="M1895Mod"
          >
            M1895Mod
          </option>
          <option
            value="M1897"
          >
            M1897
          </option>
          <option
            value="M1903"
          >
            M1903
          </option>
          <option
            value="M1911"
          >
            M1911
          </option>
          <option
            value="M1911Mod"
          >
            M1911Mod
          </option>
          <option
            value="M1918"
          >
            M1918
          </option>
          <option
            value="M1918Mod"
          >
            M1918Mod
          </option>
          <option
            value="M1919A4"
          >
            M1919A4
          </option>
          <option
            value="M1928A1"
          >
            M1928A1
          </option>
          <option
            value="M1A1"
          >
            M1A1
          </option>
          <option
            value="M200"
          >
            M200
          </option>
          <option
            value="M21"
          >
            M21
          </option>
          <option
            value="M249SAW"
          >
            M249SAW
          </option>
          <option
            value="M2HB"
          >
            M2HB
          </option>
          <option
            value="M3"
          >
            M3
          </option>
          <option
            value="M4 SOPMOD II"
          >
            M4 SOPMOD II
          </option>
          <option
            value="M4 SOPMOD IIMod"
          >
            M4 SOPMOD IIMod
          </option>
          <option
            value="M4A1"
          >
            M4A1
          </option>
          <option
            value="M4A1Mod"
          >
            M4A1Mod
          </option>
          <option
            value="M500"
          >
            M500
          </option>
          <option
            value="M500Mod"
          >
            M500Mod
          </option>
          <option
            value="M590"
          >
            M590
          </option>
          <option
            value="M60"
          >
            M60
          </option>
          <option
            value="M6ASW"
          >
            M6ASW
          </option>
          <option
            value="M82"
          >
            M82
          </option>
          <option
            value="M82A1"
          >
            M82A1
          </option>
          <option
            value="M870P"
          >
            M870P
          </option>
          <option
            value="M9"
          >
            M9
          </option>
          <option
            value="M950A"
          >
            M950A
          </option>
          <option
            value="M950AMod"
          >
            M950AMod
          </option>
          <option
            value="M99"
          >
            M99
          </option>
          <option
            value="MAB38"
          >
            MAB38
          </option>
          <option
            value="MAB38Mod"
          >
            MAB38Mod
          </option>
          <option
            value="MAC10"
          >
            MAC10
          </option>
          <option
            value="MAS38"
          >
            MAS38
          </option>
          <option
            value="MAT49"
          >
            MAT49
          </option>
          <option
            value="MDR"
          >
            MDR
          </option>
          <option
            value="MG3"
          >
            MG3
          </option>
          <option
            value="MG34"
          >
            MG34
          </option>
          <option
            value="MG36"
          >
            MG36
          </option>
          <option
            value="MG4"
          >
            MG4
          </option>
          <option
            value="MG42"
          >
            MG42
          </option>
          <option
            value="MG5"
          >
            MG5
          </option>
          <option
            value="MLEMK1"
          >
            MLEMK1
          </option>
          <option
            value="MP40"
          >
            MP40
          </option>
          <option
            value="MP41"
          >
            MP41
          </option>
          <option
            value="MP443"
          >
            MP443
          </option>
          <option
            value="MP446"
          >
            MP446
          </option>
          <option
            value="MP446Mod"
          >
            MP446Mod
          </option>
          <option
            value="MP448"
          >
            MP448
          </option>
          <option
            value="MP5"
          >
            MP5
          </option>
          <option
            value="MP5Mod"
          >
            MP5Mod
          </option>
          <option
            value="MP7"
          >
            MP7
          </option>
          <option
            value="MT9"
          >
            MT9
          </option>
          <option
            value="Magal"
          >
            Magal
          </option>
          <option
            value="MicroUZI"
          >
            MicroUZI
          </option>
          <option
            value="MicroUZIMod"
          >
            MicroUZIMod
          </option>
          <option
            value="Mk12"
          >
            Mk12
          </option>
          <option
            value="Mk23"
          >
            Mk23
          </option>
          <option
            value="Mk46"
          >
            Mk46
          </option>
          <option
            value="Mk48"
          >
            Mk48
          </option>
          <option
            value="MondragonM1908"
          >
            MondragonM1908
          </option>
          <option
            value="NEGEV"
          >
            NEGEV
          </option>
          <option
            value="NS2000"
          >
            NS2000
          </option>
          <option
            value="NTW20"
          >
            NTW20
          </option>
          <option
            value="NTW20Mod"
          >
            NTW20Mod
          </option>
          <option
            value="NZ75"
          >
            NZ75
          </option>
          <option
            value="OBR"
          >
            OBR
          </option>
          <option
            value="OC44"
          >
            OC44
          </option>
          <option
            value="OTs12"
          >
            OTs12
          </option>
          <option
            value="OTs14"
          >
            OTs14
          </option>
          <option
            value="OTs39"
          >
            OTs39
          </option>
          <option
            value="P08"
          >
            P08
          </option>
          <option
            value="P22"
          >
            P22
          </option>
          <option
            value="P226"
          >
            P226
          </option>
          <option
            value="P30"
          >
            P30
          </option>
          <option
            value="P38"
          >
            P38
          </option>
          <option
            value="P7"
          >
            P7
          </option>
          <option
            value="P90"
          >
            P90
          </option>
          <option
            value="P99"
          >
            P99
          </option>
          <option
            value="PA15"
          >
            PA15
          </option>
          <option
            value="PDW"
          >
            PDW
          </option>
          <option
            value="PK"
          >
            PK
          </option>
          <option
            value="PKP"
          >
            PKP
          </option>
          <option
            value="PM"
          >
            PM
          </option>
          <option
            value="PM06"
          >
            PM06
          </option>
          <option
            value="PM1910"
          >
            PM1910
          </option>
          <option
            value="PM9"
          >
            PM9
          </option>
          <option
            value="PP19"
          >
            PP19
          </option>
          <option
            value="PP1901"
          >
            PP1901
          </option>
          <option
            value="PP2000"
          >
            PP2000
          </option>
          <option
            value="PP90"
          >
            PP90
          </option>
          <option
            value="PPK"
          >
            PPK
          </option>
          <option
            value="PPS43"
          >
            PPS43
          </option>
          <option
            value="PPsh41"
          >
            PPsh41
          </option>
          <option
            value="PSG1"
          >
            PSG1
          </option>
          <option
            value="PSM"
          >
            PSM
          </option>
          <option
            value="PTRD"
          >
            PTRD
          </option>
          <option
            value="Px4Storm"
          >
            Px4Storm
          </option>
          <option
            value="Python"
          >
            Python
          </option>
          <option
            value="PzB39"
          >
            PzB39
          </option>
          <option
            value="QBU88"
          >
            QBU88
          </option>
          <option
            value="QSB91"
          >
            QSB91
          </option>
          <option
            value="R5RGP"
          >
            R5RGP
          </option>
          <option
            value="R93"
          >
            R93
          </option>
          <option
            value="RFB"
          >
            RFB
          </option>
          <option
            value="RMB93"
          >
            RMB93
          </option>
          <option
            value="RO635"
          >
            RO635
          </option>
          <option
            value="RO635Mod"
          >
            RO635Mod
          </option>
          <option
            value="RPD"
          >
            RPD
          </option>
          <option
            value="RPK16"
          >
            RPK16
          </option>
          <option
            value="RT20"
          >
            RT20
          </option>
          <option
            value="RaidenMei"
          >
            RaidenMei
          </option>
          <option
            value="RexZero1"
          >
            RexZero1
          </option>
          <option
            value="Ribeyrolles"
          >
            Ribeyrolles
          </option>
          <option
            value="Rico"
          >
            Rico
          </option>
          <option
            value="SACR"
          >
            SACR
          </option>
          <option
            value="SAF"
          >
            SAF
          </option>
          <option
            value="SAR21"
          >
            SAR21
          </option>
          <option
            value="SAT8"
          >
            SAT8
          </option>
          <option
            value="SEI"
          >
            SEI
          </option>
          <option
            value="SIG510"
          >
            SIG510
          </option>
          <option
            value="SIG556"
          >
            SIG556
          </option>
          <option
            value="SKS"
          >
            SKS
          </option>
          <option
            value="SL8"
          >
            SL8
          </option>
          <option
            value="SPAS12"
          >
            SPAS12
          </option>
          <option
            value="SPP1"
          >
            SPP1
          </option>
          <option
            value="SPS"
          >
            SPS
          </option>
          <option
            value="SR3MP"
          >
            SR3MP
          </option>
          <option
            value="SSG3000"
          >
            SSG3000
          </option>
          <option
            value="SSG69"
          >
            SSG69
          </option>
          <option
            value="STG44"
          >
            STG44
          </option>
          <option
            value="STG44Mod"
          >
            STG44Mod
          </option>
          <option
            value="SUB2000"
          >
            SUB2000
          </option>
          <option
            value="SV98"
          >
            SV98
          </option>
          <option
            value="SV98Mod"
          >
            SV98Mod
          </option>
          <option
            value="SVD"
          >
            SVD
          </option>
          <option
            value="SVT38"
          >
            SVT38
          </option>
          <option
            value="Saiga12"
          >
            Saiga12
          </option>
          <option
            value="Seele"
          >
            Seele
          </option>
          <option
            value="Shipka"
          >
            Shipka
          </option>
          <option
            value="Six12"
          >
            Six12
          </option>
          <option
            value="SpectreM4"
          >
            SpectreM4
          </option>
          <option
            value="Spitfire"
          >
            Spitfire
          </option>
          <option
            value="Stella"
          >
            Stella
          </option>
          <option
            value="StenMK2"
          >
            StenMK2
          </option>
          <option
            value="StenMK2Mod"
          >
            StenMK2Mod
          </option>
          <option
            value="SuperSASS"
          >
            SuperSASS
          </option>
          <option
            value="SuperSASSMod"
          >
            SuperSASSMod
          </option>
          <option
            value="SuperShorty"
          >
            SuperShorty
          </option>
          <option
            value="T5000"
          >
            T5000
          </option>
          <option
            value="T65"
          >
            T65
          </option>
          <option
            value="T77"
          >
            T77
          </option>
          <option
            value="T91"
          >
            T91
          </option>
          <option
            value="TAC50"
          >
            TAC50
          </option>
          <option
            value="TAR21"
          >
            TAR21
          </option>
          <option
            value="TCMS"
          >
            TCMS
          </option>
          <option
            value="TEC9"
          >
            TEC9
          </option>
          <option
            value="TMP"
          >
            TMP
          </option>
          <option
            value="TT33"
          >
            TT33
          </option>
          <option
            value="Tabuk"
          >
            Tabuk
          </option>
          <option
            value="TavorTS12"
          >
            TavorTS12
          </option>
          <option
            value="Theresa"
          >
            Theresa
          </option>
          <option
            value="Thunder50"
          >
            Thunder50
          </option>
          <option
            value="Triela"
          >
            Triela
          </option>
          <option
            value="Type03"
          >
            Type03
          </option>
          <option
            value="Type100"
          >
            Type100
          </option>
          <option
            value="Type62"
          >
            Type62
          </option>
          <option
            value="Type64-AR"
          >
            Type64-AR
          </option>
          <option
            value="Type88"
          >
            Type88
          </option>
          <option
            value="UKM2000"
          >
            UKM2000
          </option>
          <option
            value="UMP40"
          >
            UMP40
          </option>
          <option
            value="UMP45"
          >
            UMP45
          </option>
          <option
            value="UMP45Mod"
          >
            UMP45Mod
          </option>
          <option
            value="UMP9"
          >
            UMP9
          </option>
          <option
            value="UMP9Mod"
          >
            UMP9Mod
          </option>
          <option
            value="USAS12"
          >
            USAS12
          </option>
          <option
            value="USPCompact"
          >
            USPCompact
          </option>
          <option
            value="VEPR"
          >
            VEPR
          </option>
          <option
            value="VHS"
          >
            VHS
          </option>
          <option
            value="VP70"
          >
            VP70
          </option>
          <option
            value="VPM5"
          >
            VPM5
          </option>
          <option
            value="VSK"
          >
            VSK
          </option>
          <option
            value="VZ61"
          >
            VZ61
          </option>
          <option
            value="Vector"
          >
            Vector
          </option>
          <option
            value="VectorAgent"
          >
            VectorAgent
          </option>
          <option
            value="WA2000"
          >
            WA2000
          </option>
          <option
            value="WKP"
          >
            WKP
          </option>
          <option
            value="Webley"
          >
            Webley
          </option>
          <option
            value="Welrod"
          >
            Welrod
          </option>
          <option
            value="X95"
          >
            X95
          </option>
          <option
            value="XM8"
          >
            XM8
          </option>
          <option
            value="Z62"
          >
            Z62
          </option>
          <option
            value="ZB26"
          >
            ZB26
          </option>
          <option
            value="ZasM76"
          >
            ZasM76
          </option>
          <option
            value="ZastavaM21"
          >
            ZastavaM21
          </option>
          <option
            value="m45"
          >
            m45
          </option>
          <option
            value="scout"
          >
            scout
          </option>
          <option
            value="stg940"
          >
            stg940
          </option>
          <option
            value="wz29"
          >
            wz29
          </option>
          <option
            value="xm3"
          >
            xm3
          </option>
        </select>
      </label>
      <label>
        <select
          id="dLevel"
          name="dollLevel"
          onChange={[Function]}
          value="50"
        >
          <option
            value="1"
          >
            1
          </option>
          <option
            value="2"
          >
            2
          </option>
          <option
            value="3"
          >
            3
          </option>
          <option
            value="4"
          >
            4
          </option>
          <option
            value="5"
          >
            5
          </option>
          <option
            value="6"
          >
            6
          </option>
          <option
            value="7"
          >
            7
          </option>
          <option
            value="8"
          >
            8
          </option>
          <option
            value="9"
          >
            9
          </option>
          <option
            value="10"
          >
            10
          </option>
          <option
            value="11"
          >
            11
          </option>
          <option
            value="12"
          >
            12
          </option>
          <option
            value="13"
          >
            13
          </option>
          <option
            value="14"
          >
            14
          </option>
          <option
            value="15"
          >
            15
          </option>
          <option
            value="16"
          >
            16
          </option>
          <option
            value="17"
          >
            17
          </option>
          <option
            value="18"
          >
            18
          </option>
          <option
            value="19"
          >
            19
          </option>
          <option
            value="20"
          >
            20
          </option>
          <option
            value="21"
          >
            21
          </option>
          <option
            value="22"
          >
            22
          </option>
          <option
            value="23"
          >
            23
          </option>
          <option
            value="24"
          >
            24
          </option>
          <option
            value="25"
          >
            25
          </option>
          <option
            value="26"
          >
            26
          </option>
          <option
            value="27"
          >
            27
          </option>
          <option
            value="28"
          >
            28
          </option>
          <option
            value="29"
          >
            29
          </option>
          <option
            value="30"
          >
            30
          </option>
          <option
            value="31"
          >
            31
          </option>
          <option
            value="32"
          >
            32
          </option>
          <option
            value="33"
          >
            33
          </option>
          <option
            value="34"
          >
            34
          </option>
          <option
            value="35"
          >
            35
          </option>
          <option
            value="36"
          >
            36
          </option>
          <option
            value="37"
          >
            37
          </option>
          <option
            value="38"
          >
            38
          </option>
          <option
            value="39"
          >
            39
          </option>
          <option
            value="40"
          >
            40
          </option>
          <option
            value="41"
          >
            41
          </option>
          <option
            value="42"
          >
            42
          </option>
          <option
            value="43"
          >
            43
          </option>
          <option
            value="44"
          >
            44
          </option>
          <option
            value="45"
          >
            45
          </option>
          <option
            value="46"
          >
            46
          </option>
          <option
            value="47"
          >
            47
          </option>
          <option
            value="48"
          >
            48
          </option>
          <option
            value="49"
          >
            49
          </option>
          <option
            value="50"
          >
            50
          </option>
          <option
            value="51"
          >
            51
          </option>
          <option
            value="52"
          >
            52
          </option>
          <option
            value="53"
          >
            53
          </option>
          <option
            value="54"
          >
            54
          </option>
          <option
            value="55"
          >
            55
          </option>
          <option
            value="56"
          >
            56
          </option>
          <option
            value="57"
          >
            57
          </option>
          <option
            value="58"
          >
            58
          </option>
          <option
            value="59"
          >
            59
          </option>
          <option
            value="60"
          >
            60
          </option>
          <option
            value="61"
          >
            61
          </option>
          <option
            value="62"
          >
            62
          </option>
          <option
            value="63"
          >
            63
          </option>
          <option
            value="64"
          >
            64
          </option>
          <option
            value="65"
          >
            65
          </option>
          <option
            value="66"
          >
            66
          </option>
          <option
            value="67"
          >
            67
          </option>
          <option
            value="68"
          >
            68
          </option>
          <option
            value="69"
          >
            69
          </option>
          <option
            value="70"
          >
            70
          </option>
          <option
            value="71"
          >
            71
          </option>
          <option
            value="72"
          >
            72
          </option>
          <option
            value="73"
          >
            73
          </option>
          <option
            value="74"
          >
            74
          </option>
          <option
            value="75"
          >
            75
          </option>
          <option
            value="76"
          >
            76
          </option>
          <option
            value="77"
          >
            77
          </option>
          <option
            value="78"
          >
            78
          </option>
          <option
            value="79"
          >
            79
          </option>
          <option
            value="80"
          >
            80
          </option>
          <option
            value="81"
          >
            81
          </option>
          <option
            value="82"
          >
            82
          </option>
          <option
            value="83"
          >
            83
          </option>
          <option
            value="84"
          >
            84
          </option>
          <option
            value="85"
          >
            85
          </option>
          <option
            value="86"
          >
            86
          </option>
          <option
            value="87"
          >
            87
          </option>
          <option
            value="88"
          >
            88
          </option>
          <option
            value="89"
          >
            89
          </option>
          <option
            value="90"
          >
            90
          </option>
          <option
            value="91"
          >
            91
          </option>
          <option
            value="92"
          >
            92
          </option>
          <option
            value="93"
          >
            93
          </option>
          <option
            value="94"
          >
            94
          </option>
          <option
            value="95"
          >
            95
          </option>
          <option
            value="96"
          >
            96
          </option>
          <option
            value="97"
          >
            97
          </option>
          <option
            value="98"
          >
            98
          </option>
          <option
            value="99"
          >
            99
          </option>
          <option
            value="100"
          >
            100
          </option>
          <option
            value="101"
          >
            101
          </option>
          <option
            value="102"
          >
            102
          </option>
          <option
            value="103"
          >
            103
          </option>
          <option
            value="104"
          >
            104
          </option>
          <option
            value="105"
          >
            105
          </option>
          <option
            value="106"
          >
            106
          </option>
          <option
            value="107"
          >
            107
          </option>
          <option
            value="108"
          >
            108
          </option>
          <option
            value="109"
          >
            109
          </option>
          <option
            value="110"
          >
            110
          </option>
          <option
            value="111"
          >
            111
          </option>
          <option
            value="112"
          >
            112
          </option>
          <option
            value="113"
          >
            113
          </option>
          <option
            value="114"
          >
            114
          </option>
          <option
            value="115"
          >
            115
          </option>
          <option
            value="116"
          >
            116
          </option>
          <option
            value="117"
          >
            117
          </option>
          <option
            value="118"
          >
            118
          </option>
          <option
            value="119"
          >
            119
          </option>
          <option
            value="120"
          >
            120
          </option>
          <option
            value="121"
          >
            121
          </option>
          <option
            value="122"
          >
            122
          </option>
          <option
            value="123"
          >
            123
          </option>
          <option
            value="124"
          >
            124
          </option>
          <option
            value="125"
          >
            125
          </option>
        </select>
      </label>
      <label>
        <select
          id="dFriend"
          name="dollFriend"
          onChange={[Function]}
          value="50"
        >
          <option
            value="1"
          >
            1
          </option>
          <option
            value="2"
          >
            2
          </option>
          <option
            value="3"
          >
            3
          </option>
          <option
            value="4"
          >
            4
          </option>
          <option
            value="5"
          >
            5
          </option>
          <option
            value="6"
          >
            6
          </option>
          <option
            value="7"
          >
            7
          </option>
          <option
            value="8"
          >
            8
          </option>
          <option
            value="9"
          >
            9
          </option>
          <option
            value="10"
          >
            10
          </option>
          <option
            value="11"
          >
            11
          </option>
          <option
            value="12"
          >
            12
          </option>
          <option
            value="13"
          >
            13
          </option>
          <option
            value="14"
          >
            14
          </option>
          <option
            value="15"
          >
            15
          </option>
          <option
            value="16"
          >
            16
          </option>
          <option
            value="17"
          >
            17
          </option>
          <option
            value="18"
          >
            18
          </option>
          <option
            value="19"
          >
            19
          </option>
          <option
            value="20"
          >
            20
          </option>
          <option
            value="21"
          >
            21
          </option>
          <option
            value="22"
          >
            22
          </option>
          <option
            value="23"
          >
            23
          </option>
          <option
            value="24"
          >
            24
          </option>
          <option
            value="25"
          >
            25
          </option>
          <option
            value="26"
          >
            26
          </option>
          <option
            value="27"
          >
            27
          </option>
          <option
            value="28"
          >
            28
          </option>
          <option
            value="29"
          >
            29
          </option>
          <option
            value="30"
          >
            30
          </option>
          <option
            value="31"
          >
            31
          </option>
          <option
            value="32"
          >
            32
          </option>
          <option
            value="33"
          >
            33
          </option>
          <option
            value="34"
          >
            34
          </option>
          <option
            value="35"
          >
            35
          </option>
          <option
            value="36"
          >
            36
          </option>
          <option
            value="37"
          >
            37
          </option>
          <option
            value="38"
          >
            38
          </option>
          <option
            value="39"
          >
            39
          </option>
          <option
            value="40"
          >
            40
          </option>
          <option
            value="41"
          >
            41
          </option>
          <option
            value="42"
          >
            42
          </option>
          <option
            value="43"
          >
            43
          </option>
          <option
            value="44"
          >
            44
          </option>
          <option
            value="45"
          >
            45
          </option>
          <option
            value="46"
          >
            46
          </option>
          <option
            value="47"
          >
            47
          </option>
          <option
            value="48"
          >
            48
          </option>
          <option
            value="49"
          >
            49
          </option>
          <option
            value="50"
          >
            50
          </option>
          <option
            value="51"
          >
            51
          </option>
          <option
            value="52"
          >
            52
          </option>
          <option
            value="53"
          >
            53
          </option>
          <option
            value="54"
          >
            54
          </option>
          <option
            value="55"
          >
            55
          </option>
          <option
            value="56"
          >
            56
          </option>
          <option
            value="57"
          >
            57
          </option>
          <option
            value="58"
          >
            58
          </option>
          <option
            value="59"
          >
            59
          </option>
          <option
            value="60"
          >
            60
          </option>
          <option
            value="61"
          >
            61
          </option>
          <option
            value="62"
          >
            62
          </option>
          <option
            value="63"
          >
            63
          </option>
          <option
            value="64"
          >
            64
          </option>
          <option
            value="65"
          >
            65
          </option>
          <option
            value="66"
          >
            66
          </option>
          <option
            value="67"
          >
            67
          </option>
          <option
            value="68"
          >
            68
          </option>
          <option
            value="69"
          >
            69
          </option>
          <option
            value="70"
          >
            70
          </option>
          <option
            value="71"
          >
            71
          </option>
          <option
            value="72"
          >
            72
          </option>
          <option
            value="73"
          >
            73
          </option>
          <option
            value="74"
          >
            74
          </option>
          <option
            value="75"
          >
            75
          </option>
          <option
            value="76"
          >
            76
          </option>
          <option
            value="77"
          >
            77
          </option>
          <option
            value="78"
          >
            78
          </option>
          <option
            value="79"
          >
            79
          </option>
          <option
            value="80"
          >
            80
          </option>
          <option
            value="81"
          >
            81
          </option>
          <option
            value="82"
          >
            82
          </option>
          <option
            value="83"
          >
            83
          </option>
          <option
            value="84"
          >
            84
          </option>
          <option
            value="85"
          >
            85
          </option>
          <option
            value="86"
          >
            86
          </option>
          <option
            value="87"
          >
            87
          </option>
          <option
            value="88"
          >
            88
          </option>
          <option
            value="89"
          >
            89
          </option>
          <option
            value="90"
          >
            90
          </option>
          <option
            value="91"
          >
            91
          </option>
          <option
            value="92"
          >
            92
          </option>
          <option
            value="93"
          >
            93
          </option>
          <option
            value="94"
          >
            94
          </option>
          <option
            value="95"
          >
            95
          </option>
          <option
            value="96"
          >
            96
          </option>
          <option
            value="97"
          >
            97
          </option>
          <option
            value="98"
          >
            98
          </option>
          <option
            value="99"
          >
            99
          </option>
          <option
            value="100"
          >
            100
          </option>
          <option
            value="101"
          >
            101
          </option>
          <option
            value="102"
          >
            102
          </option>
          <option
            value="103"
          >
            103
          </option>
          <option
            value="104"
          >
            104
          </option>
          <option
            value="105"
          >
            105
          </option>
          <option
            value="106"
          >
            106
          </option>
          <option
            value="107"
          >
            107
          </option>
          <option
            value="108"
          >
            108
          </option>
          <option
            value="109"
          >
            109
          </option>
          <option
            value="110"
          >
            110
          </option>
          <option
            value="111"
          >
            111
          </option>
          <option
            value="112"
          >
            112
          </option>
          <option
            value="113"
          >
            113
          </option>
          <option
            value="114"
          >
            114
          </option>
          <option
            value="115"
          >
            115
          </option>
          <option
            value="116"
          >
            116
          </option>
          <option
            value="117"
          >
            117
          </option>
          <option
            value="118"
          >
            118
          </option>
          <option
            value="119"
          >
            119
          </option>
          <option
            value="120"
          >
            120
          </option>
          <option
            value="121"
          >
            121
          </option>
          <option
            value="122"
          >
            122
          </option>
          <option
            value="123"
          >
            123
          </option>
          <option
            value="124"
          >
            124
          </option>
          <option
            value="125"
          >
            125
          </option>
          <option
            value="126"
          >
            126
          </option>
          <option
            value="127"
          >
            127
          </option>
          <option
            value="128"
          >
            128
          </option>
          <option
            value="129"
          >
            129
          </option>
          <option
            value="130"
          >
            130
          </option>
          <option
            value="131"
          >
            131
          </option>
          <option
            value="132"
          >
            132
          </option>
          <option
            value="133"
          >
            133
          </option>
          <option
            value="134"
          >
            134
          </option>
          <option
            value="135"
          >
            135
          </option>
          <option
            value="136"
          >
            136
          </option>
          <option
            value="137"
          >
            137
          </option>
          <option
            value="138"
          >
            138
          </option>
          <option
            value="139"
          >
            139
          </option>
          <option
            value="140"
          >
            140
          </option>
          <option
            value="141"
          >
            141
          </option>
          <option
            value="142"
          >
            142
          </option>
          <option
            value="143"
          >
            143
          </option>
          <option
            value="144"
          >
            144
          </option>
          <option
            value="145"
          >
            145
          </option>
          <option
            value="146"
          >
            146
          </option>
          <option
            value="147"
          >
            147
          </option>
          <option
            value="148"
          >
            148
          </option>
          <option
            value="149"
          >
            149
          </option>
          <option
            value="150"
          >
            150
          </option>
        </select>
      </label>
      <label>
        <select
          id="dLink"
          name="dollDummyLink"
          onChange={[Function]}
          value="5"
        >
          <option
            value="1"
          >
            1
          </option>
          <option
            value="2"
          >
            2
          </option>
          <option
            value="3"
          >
            3
          </option>
          <option
            value="4"
          >
            4
          </option>
          <option
            value="5"
          >
            5
          </option>
        </select>
      </label>
      <button
        type="submit"
      >
        Submit
      </button>
    </form>
  </div>
</div>
`;
